border_size=1
usage=map

Wo, Wo, Wo, Wo, Wo, Wo, Wo, Wo, Wo, Wo, Wo, Wo, Wo, Wo, Wo, Wo, Wo, Wo, Wo, Wo, Wo, Wo, Wo, Wo, Wo, Wo
Wo, Wo, Wo, Wo, Wo, Wo, Wo, Wo, Wo, Wo, Wo, Wo, Wo, Wo, Wo, Wo, Wo, Wo, Wo, Wo, Wo, Wo, Wo, Wo, Wo, Wo
Wo, Wo, Wo, Wo, Wo, Wo, Wo, Wo, Wo, Wo, Wo, Wo, Wo, Wo, Wo, Wo, Wo, Wo, Wo, Wo, Wo, Wo, Wo, Wo, Wo, Wo
Wo, Wo, Wo, Wo, Wo, Wo, Wo, Wo, Wo, Wo, Wo, Wo, Wo, Wo, Wo, Wo, Wo, Wo, Wo, Wo, Wo, Wo, Wo, Wo, Wo, Wo
Wo, Wo, Wo, Wo, Wo, Wo, Wo, Wo, Wo, Wo, Wo, Wo, Wo, Wo, Wo, Wo, Re, Xuce, Xuce, Wo, Wo, Wo, Wo, Wo, Wo, Wo
Wo, Wo, Wo, Wo, Wo, Wo, Wo, Wo, Wo, Wo, Wo, Wo, Wo, Wo, Rd, Rd, Ce, Re, Re, Xuce, Wo, Wo, Wo, Wo, Wo, Wo
Wo, Wo, Wo, Wo, Wo, Wo, Wo, Wo, Wo, Wo, Wo, Wo, Rd, Rd, Re, Ce, 1 Ke, Ce, Re, Xuce, Wo, Wo, Wo, Wo, Wo, Wo
Wo, Wo, Wo, Wo, Wo, Wo, Wo, Wo, Wo, Wo, Rd, Rd, Re, Re, Re, Ce, Ce, Ce, Re, Xuce, Wo, Wo, Wo, Wo, Wo, Wo
Wo, Wo, Wo, Wo, Wo, Wo, Wo, Wo, Rd, Rd, Re, Re, Xuce, Re, Re, Re, Rd^Vyb, Rd, Wo, Wo, Wo, Wo, Wo, Wo, Wo, Wo
Wo, Wo, Wo, Wo, Wo, Wo, Xuce, Rd, Re, Re, Re, Re, Re, Re, 2 Rd^Vyb, Rd, Wo^Bp|, Wo, Wo, Wo, Wo, Wo, Wo, Wo, Wo, Wo
Wo, Wo, Wo, Wo, Wo, Wo, Xuce, Re, Re, Xuce, Re, Re, Rd, Rd, Wo^Bp|, Wo, Wo^Bp|, Wo, Wo, Wo, Wo, Wo, Wo, Wo, Wo, Wo
Wo, Wo, Wo, Wo, Wo, Wo, Xuce, Re, Re, Re, Rd, Rd, Wo, Wo, Wo^Bp|, Wo, Wo^Bp|, Wo, Wo, Wo, Wo, Wo, Wo, Wo, Wo, Wo
Wo, Wo, Wo, Wo, Wo, Wo, Wo, Xuce, Xuce, Rd, Wo, Wo, Xuce, Wo, Wo^Bp|, Wo, Wo^Bp|, Wo, Wo, Wo, Wo, Wo, Wo, Wo, Wo, Wo
Wo, Wo, Wo, Wo, Wo, Wo, Wo, Wo, Wo, Wo, Xuce, Xuce, Re, Rd, Rd^Vyb, Wo, Wo^Bp|, Wo, Wo, Wo, Wo, Wo, Wo, Wo, Wo, Wo
Wo, Wo, Wo, Wo, Xuce, Wo, Wo, Wo, Wo, Wo, Xuce, Re, Re, Re, Re, Rd, Rd^Vyb, Wo, Wo, Wo, Wo, Wo, Wo, Wo, Wo, Wo
Wo, Wo, Xuce, Xuce, Re, Xuce, Xuce, Wo, Wo, Wo, Xuce, Re, Re, Xuce, Re, Re, Re, Rd, Rd, Wo, Wo, Wo, Wo, Wo, Wo, Wo
Wo, Wo, Rd, Re, Re, Re, Rd, Wo, Wo, Wo, Wo^Bp/, Rd^Vyb, Rd, Re, Re, Re, Xuce, Re, Re, Rd, Rd, Wo, Wo, Wo, Wo, Wo
Wo, Wo, Rd, Re, Xuce, Re, Rd, Wo, Wo^Bp/, Wo^Bp/, Wo, Wo, Wo^Bp/, Rd^Vyb, Rd, Re, Re, Re, Ce, Ce, Ce, Re, Xuce, Wo, Wo, Wo
Wo, Wo, Rd, Re, Re, Re, Rd^Vyb, Wo^Bp/, Wo, Wo, Wo^Bp/, Wo^Bp/, Wo, Wo, Wo, Rd, Rd, Re, Ce, 4 Ke, Ce, Re, Xuce, Wo, Wo, Wo
Wo, Wo, Rd, Re, Ce, Re, Rd, Wo, Wo^Bp/, Wo^Bp/, Wo, Wo, Wo, Wo, Wo, Wo, Wo, Rd, Rd, Ce, Re, Urb^Vyb, Xuce, Wo, Wo, Wo
Wo, Wo, Rd, Ce, 3 Ke, Ce, Rd^Vyb, Wo^Bp/, Wo, Wo, Wo, Wo, Wo, Wo, Wo, Wo, Wo, Wo, Wo, Re, Xuce, Xuce, Wo, Wo, Wo, Wo
Wo, Wo, Re, Ce, Ce, Ce, Re, Wo, Wo, Wo, Wo, Wo, Wo, Wo, Wo, Wo, Wo, Wo, Wo, Wo, Wo, Wo, Wo, Wo, Wo, Wo
Wo, Wo, Xuce, Re, Re, Re, Xuce, Wo, Wo, Wo, Wo, Wo, Wo, Wo, Wo, Wo, Wo, Wo, Wo, Wo, Wo, Wo, Wo, Wo, Wo, Wo
Wo, Wo, Wo, Xuce, Xuce, Xuce, Wo, Wo, Wo, Wo, Wo, Wo, Wo, Wo, Wo, Wo, Wo, Wo, Wo, Wo, Wo, Wo, Wo, Wo, Wo, Wo
Wo, Wo, Wo, Wo, Wo, Wo, Wo, Wo, Wo, Wo, Wo, Wo, Wo, Wo, Wo, Wo, Wo, Wo, Wo, Wo, Wo, Wo, Wo, Wo, Wo, Wo
Wo, Wo, Wo, Wo, Wo, Wo, Wo, Wo, Wo, Wo, Wo, Wo, Wo, Wo, Wo, Wo, Wo, Wo, Wo, Wo, Wo, Wo, Wo, Wo, Wo, Wo
Wo, Wo, Wo, Wo, Wo, Wo, Wo, Wo, Wo, Wo, Wo, Wo, Wo, Wo, Wo, Wo, Wo, Wo, Wo, Wo, Wo, Wo, Wo, Wo, Wo, Wo
