border_size=1
usage=map

Ms, Ms, Ms, Ms, Ms, Ms, Aa, Aa, Aa, Aa, Ai, Ai, Ai, Aa, Aa, Aa, Ai, Ai, Wo, Ai, Ai, Ai, Wo, Wo, Aa, Ai, Ww, Ww, Ai, Ai, Wo, Wo, Wo, Wo, Wo, Wo, Wo, Wo, Wo, Wo, Wo, Wo, Wo, Wo, Wo, Wo, Wo, Wo, Wo, Wo, Wo, Ww, Gs^Fds, Gs^Fds, Ww, Ww, Ww, Ss, Ss, Ww, Gs, Gs^Fds, Ww, Wwr, Gg, Gs^Fp, Gs^Fp, Gs^Fp, Rp, Gg, Gg, Gg
Ms, Ha, Ha, Ms, Ha, Ha, Aa, Aa, Aa, Aa, Ai, Wwr, Ai, Aa, Aa, Aa, Ai, Ai, Ai, Ai, Ai, Ai, Wo, Wo, Dd^Vea, Aa, Ds, Ww, Wo, Wo, Wo, Wo, Wo, Wo, Wo, Wo, Wo, Wo, Wo, Wo, Wo, Wo, Wo, Wo, Wo, Wo, Wo, Wo, Wo, Wo, Wo, Ww, Gs^Fds, Ww, Ww, Wo, Ww, Gs^Fds, Ww, Gs^Fds, Ww, Gs^Fds, Ww, Ww, Gg, Gs^Fp, Gs^Fp, Gs^Fp, Gg, Rp, Gg, Gg
Aa, Aa, Ha, Ha, Ha, Ha, Aa, Aa, Ai, Ai, Ww, Ww, Ww, Aa, Ai, Ai, Wo, Wo, Wo, Wo, Wo, Wo, Wo, Wo, Wo, Ds, Wo, Wo, Wo, Wo, Wo, Wo, Wo, Wo, Wo, Wo, Wo, Wo, Wo, Wo, Wo, Wo, Wo, Wo, Wo, Wo, Ww, Ww, Ww, Wo, Wo, Ww, Ww, Ww, Wo, Wo, Wo, Wo, Wwr, 1 Ww, Rp^Vhc, Ww, Wwf, Gg, Re^Gvs, Gg, Gg, Gg, Gg, Rp, Gg, Gg
Aa, Aa, Aa, Aa, Aa, Aa, Ai, Ai, Ww, Ww, Wo, Wo, Wo, Wo, Wo, Wo, Wo, Wo, Wo, Wo, Wo, Wo, Wo, Wo, Wo, Wo, Wo, Wo, Wo, Wo, Wo, Wo, Wo, Wo, Wo, Wo, Wo, Wo, Wo, Wo, Wo, Wo, Wo, Wo, Wo, Wo, Wo, Ww, Gs, Ww, Ww, Wo, Wo, Wo, Wo, Wo, Wo, Ww, Ds, Gg, Rp, Gg, 3 Gg, Gg, Re^Gvs, Re^Gvs, Gg, Gg, Rp, Rp, Gg, Gg
Ai, Ai, Ai, Ai, Aa, Aa, Ai, Ha, Ww, Wo, Wo, Wo, Wo, Wo, Wo, Wo, Ww, Wo, Wo, Wo, Wo, Wo, Wo, Wo, Wo, Wo, Wo, Wo, Wo, Wo, Wo, Wo, Wo, Wo, Wo, Wo, Wo, Wo, Wo, Wo, Wo, Wo, Wo, Wo, Wo, Wo, Wo, Ww, Sm, Gs^Fds, Rd^Vh, Ww, Wo, Wo, Wo, Wo, Wo, Ww, Ww, Gs^Fp, Gg, 2 Rp, Rp, Rp, Rp, Rp, Rp, Gg, Rp, Gg, Gg, Gg
Ai, Ww, Ww, Aa, Ai, Aa^Vaa, Ww, Ww, Wo, Wo, Wo, Wo, Wo, Wo, Ww, Ww, Dd, Ww, Ww, Wo, Wo, Wo, Wo, Wo, Wo, Wo, Wo, Wo, Wo, Wo, Wo, Wo, Wo, Wo, Wo, Wo, Wo, Wo, Wo, Wo, Wo, Wo, Wo, Wo, Wo, Wo, Wo, Ww, Gs, Gs^Fds, Ww, Ww, Wo, Wo, Wo, Wo, Ww, Ww, Gg, Ww, Gg, Re^Gvs, Gg, Gg, Gg, Gg, Rp, Rp, Gg, Gg, Hh, Hh
Ww, Ww, Ww, Ww, Ww, Ww, Wo, Wo, Wo, Wo, Wo, Wo, Wo, Ww, Dd, Ds^Ft, Ww, Dd, Ww, Wo, Wo, Wo, Wo, Wo, Wo, Wo, Wo, Wo, Wo, Wo, Wo, Wo, Ww, Wo, Wo, Wo, Gs^Fds, Ww, Ww, Wo, Wo, Wo, Wo, Wo, Wo, Wo, Ww, Ww, Ww, Gs, Ww, Ww, Ww, Wo, Wo, Wo, Ww, Ds, Gg, Gg, Ds, Gg, Gg, Gg, Gg, Rp, Gg, Gg, Gs^Fp, Gs^Fp, Hh, Hh
Ww, Ww, Ww, Wo, Wo, Wo, Wo, Wo, Wo, Wo, Wo, Wo, Wo, Ww, Ds^Ft, Hd, Gs, Dd, Ww, Wo, Wo, Wo, Wo, Wo, Wo, Wo, Wo, Wo, Wo, Wo, Wo, Ww, Ww, Ww, Wo, Ww, Ds, Rd^Vh, Ww, Wo, Wo, Wo, Wo, Wo, Wo, Wo, Ww, Gs^Ft, Gs, Ww, Ww, Gll^Ftr, Ww, Wo, Wo, Wo, Ww, Ds, Ds, Ds, Ww, Ds, Ds, Gg, Re, Rp, Rp, Gs^Fp, Gs^Fp, Gs^Fp, Hh, Hh
Ww, Ww, Ww, Ww, Ww, Wo, Wo, Wo, Wo, Wo, Wo, Wo, Wo, Ww, Dd, Ww, Ds^Ft, Dd^Vda, Ww, Wo, Wo, Wo, Wo, Wo, Wo, Wo, Wo, Wo, Wo, Wo, Gs^Fds, Gg, Hh, Ww, Ww^Bw/, Gg, Gs^Fds, Ww, Wo, Wo, Wo, Wo, Wo, Wo, Wo, Wo, Wo, Ww, Ww, Ww, Gll^Ftr, Ww, Ww, Ww, Wo, Ww, Ww, Ww, Ww, Ww, Ww, Ww, Ww, Ds, Re, Gg, Rp, Gs^Fp, Gs^Fp, Gs^Fp, Gg, Hh
Gg, Gg, Gg, Ds, Ds, Ww, Wo, Wo, Wo, Wo, Wo, Wo, Wo, Ww, Ww, Dd, Ww, Ww, Wo, Wo, Wo, Wo, Wo, Wo, Wo, Wo, Wo, Wo, Wo, Wo, Hh, Gg, Ww, Gg, Ww, Ww, Ww, Ww, Wo, Wo, Wo, Wo, Wo, Wo, Wo, Wo, Wo, Wo, Wo, Ww, Ww, Ww, Wo, Wo, Wo, Wo, Ww, Ww, Wo, Ww, Ww, Ww, Wo, Ww, Ds, Gg, Gg, Rp, Rp, Gg^Efm, Hd, Hh
Hh, Hh, Hh, Gg, Gg, Ww, Ww, Ww, Ww, Wo, Wo, Wo, Wo, Wo, Wo, Ww, Ww, Ww, Ww, Wo, Wo, Wo, Wo, Wo, Wo, Wo, Wo, Wo, Wo, Wo, Ww, Gs^Fds, Ww^Bw\, Ww, Ds, Ww, Wo, Wo, Wo, Wo, Ww, Ww, Ww, Wo, Wo, Wo, Wo, Wo, Ww, Ww, Gs, Ww, Wo, Wo, Wo, Ww, Ww, Wo, Ww, Wo, Wo, Wo, Wo, Ww, Ww, Ds, Gg, Gg, Dd, Rp, Rp, Rp
Hh, Hh, Hh, Gg, Gg, Ds, Ds, Ds, Ds, Ww, Wo, Wo, Wo, Wo, Wo, Ww, Gg^Ftr, Gll^Ftr, Gs^Ve, Gs, Ww, Wo, Wo, Wo, Wo, Wo, Wo, Wo, Wo, Ww, Ww, Gg, Ww, Ww, Wo, Wo, Wo, Wo, Wo, Ww, Gs, Ww, Hh, Ww, Ww, Wo, Ww, Ww, Ww, Gs, Hh, Ww, Wo, Wo, Wo, Wo, Ww, Ww, Gg, Ww, Wo, Wo, Wo, Wo, Ww, Ds, Gg, Dd, Ss, Ss, Hd, Hd
Gg, Gg, Gg, Gg, Gg^Vhcr, Gs^Fp, Gs^Fp, Gg^Gvs, Ww, Ww, Wo, Wo, Wo, Wo, Wo, Ww, Ww, Hh^Ftr, Ww^Bw|, Ww, Ww, Wo, Wo, Wo, Wo, Wo, Ww, Ww, Ww, Ww, Ww, Ww, Wo, Wo, Wo, Wo, Wo, Wo, Ww, Ww, Gs^Ft, Mm, Hh, Gg, Ww, Ww, Gll^Ftr, Ww, Ww, Gs, Ww, Ww, Wo, Wo, Wo, Ww, Gg, Hh, Gs^Fds, Ww, Wo, Wo, Wo, Ww, Ds, Ds, Gg, Dd, Ss, Ss, Ss, Ss
Gg, Gg, Gg, Wwf, Ww, Ww, Wwr, Ww, Ww, Wo, Wo, Wo, Wo, Wo, Wo, Wo, Wo, Ww, Gg^Ftr, Gs, Ww, Wo, Wo, Wo, Ww, Ww, Gs, Ww, Gs, Ww, Wo, Wo, Wo, Wo, Wo, Wo, Wo, Wo, Ww, Gs, Gs^Ft, Hh, Dd^Vl, Gg, Ww, Ww, Ww, Wo, Wo, Wo, Wo, Wo, Wo, Wo, Wo, Ww, Ww, Gg^Vd, Ww, Ww, Wo, Wo, Ww, Ww, Ds, Gg, Dd, Dd, Dd, Hd, Ss, Ss
Gg, Gg, Gg, Gg, Gg, Gs^Fp, Gs^Fp, Ww, Ds, Ww, Wo, Wo, Wo, Wo, Wo, Wo, Ww, Gs, Hh, Wwr, Hh, Ww, Wo, Ww, Ww, Hh, Ww, Ww, Hh^Vhhr, Ww, Wo, Wo, Wo, Wo, Wo, Wo, Ww, Ww, Gs, Ww, Ww, Gg, Ww, Ww, Wo, Wo, Wo, Wo, Wo, Wo, Wo, Wo, Wo, Ww, Ww, Ww, Ww, Ww, Ww, Wo, Wo, Wo, Ww, Ds, Gg, Gg, Dd, Dd, Ss, Ss, Ss, Ss
Wwr, Ww, Wwr, Hh, Gg, Gs^Fp, Gs, Ds, Gs, Wwr, Ww, Wo, Wo, Wo, Wo, Ww, Gs, Gg^Ftr, Gll^Ftr, Mm, Gs, Ww, Ww, Ww, Ww, Gs^Ft, Ww, Gs, Ww, Ww, Wo, Wo, Wo, Wo, Ww, Ww, Ww, Gs^Ft, Ww, Ww, Wo, Ww, Wo, Wo, Wo, Wo, Wo, Wo, Wo, Wo, Wo, Wo, Ww, Ww, Ds, Ds, Ds, Ww, Ww, Ww, Ww, Ww, Ds, Wwf, Re, Gg, Dd, Dd, Dd, Ss, Hd, Hd
Hh, Hh, Ww, Gg, Gg, Gg, Ds, Gs, Ds, Ds, Ww, Wo, Wo, Wo, Wo, Ww, Ww, Ww, Ww, Ww, Ww, Ww, Wo, Wo, Wo, Ww, Ww, Ww, Wo, Wo, Wo, Wo, Ww, Ww, Gs, Gs, Ww, Ww, Wo, Wo, Wo, Wo, Wo, Wo, Wo, Wo, Wo, Wo, Wo, Wo, Ww, Ww, Ds, Ds, Gs^Fp, Gs^Fp, Gs^Fp, Gg, Gg, Ds, Gg, Ds, Gg, Wwg, Gg, Re, Re, Gg, Re, Ss, Ss, Ss
Hh, Hh, Gg, Ww, Ww, Gg^Vl, Ww, Ds, Ww, Ww, Wo, Wo, Wo, Wo, Wo, Wo, Wo, Ww, Wo, Wo, Wo, Wo, Wo, Wo, Wo, Wo, Wo, Wo, Wo, Wo, Wo, Wo, Ww, Gs, Gs, Gs^Ft, Ww, Ww, Ww, Ww, Ww, Wo, Wo, Wo, Wo, Wo, Wo, Wo, Wo, Wo, Ww, Ds, Gs, Gs^Fp, Gs^Fp, Gs^Fp, Gs^Fp, Gs^Fp, Gs^Fp, Gs^Fp, Gs^Fp, Gg, Gg, Wwg, Wwg, Gg, Gg, Re, Sm^Vct, Re, Re, Re
Gg, Gg, Gg, Gs^Fp, Gs^Fp, Ww, Gs, Ww, Ww, Ww, Wo, Wo, Wo, Wo, Wo, Wo, Wo, Wo, Wo, Wo, Wo, Wo, Wo, Wo, Wo, Wo, Wo, Wo, Wo, Wo, Wo, Wo, Ww, Hh, Gs, Ww, Ww, Ww, Ww, Gs^Ft, Rd^Vhr, Wo, Ww, Wo, Wo, Wo, Wo, Wo, Wo, Ww, Gg, Gg^Vu, Gs^Fp, Gs^Fp, Gs^Fp, Gs^Fp, Gs^Fp, Gs^Fp, Gs^Fp, Gs^Fp, Gs^Fp, Gg, Gs^Fp, Gg, Gg, Wwg, Wwg, Wwg, Wwg, Ss, Hd, Hd
Ds, Ds, Ds, Gs^Fp, Ww, Gs, Ds, Ds, Ww, Wo, Wo, Wo, Wo, Wo, Wo, Wo, Wo, Wo, Ww, Wo, Wo, Wo, Wo, Wo, Wo, Wo, Wo, Wo, Wo, Wo, Wo, Ww, Ww, Hh, Hh, Gs^Ft, Wwr, Gs, Gs, Gs, Gs^Ft, Gs, Gs, Ww, Ww, Ww, Ww, Wo, Wo, Ww, Gg^Efm, Gs, Gs, Gs^Fp, Gs^Fp, Gg^Fet, Gs^Fp, Gs^Fp, Gs^Fp, Gs^Fp, Gs^Fp, Gs^Fp, Gs^Fp, Gs^Fp, Gs^Fp, Gg, Gg, Gg, Dd, Ss, Ss, Ss
Ww, Ww, Ww, Ww, Ww, Ww, Ww, Ww, Wo, Wo, Wo, Wo, Wo, Wo, Wo, Wo, Wo, Wo, Wo, Wo, Ds, Ds, Gs^Vht, Wo, Wo, Wo, Wo, Wo, Wo, Wo, Wo, Ww, Ww, Ww, Ww, Ww, Gs, Hh, Gs^Ft, Hh, Hh, Gs, Gs, Gs^Ft, Gs, Gs, Gs^Ft, Wo, Ww, Ww, Gs^Ft, Gs^Ft, Gs, Gs^Fp, Gs^Fp, Gs^Fp, Gs^Fp, Gs^Fp, Gs^Fp, Gs^Fp, Gg^Fet, Gs^Fp, Gs^Fp, Gs^Fp, Gs^Fp, Gs^Fp, Gs^Fp, Dd, Ss, Ss, Hd, Hd
Ww, Ww, Wo, Ww, Wo, Wo, Wo, Ww, Wo, Wo, Wo, Wo, Wo, Wo, Wo, Wo, Wo, Wo, Wo, Wo, Ds, Hh, Mm, Wo, Wo, Wo, Wo, Wo, Wo, Wo, Wo, Wo, Wo, Ww, Ww, Ww, Gs, Hh, Gs^Ft, Hh, Hh, Gs, Gs, Gs^Ft, Gs, Gs, Gs^Ft, Ww, Wo, Ww, Gs^Ft, Gs^Ft, Gs, Gs^Fp, Gs^Fp, Gs^Fp, Gs^Fp, Gs^Fp, Gs^Fp, Gs^Fp, Gs^Fp, Gs^Fp, Gs^Fp, Gs^Fp, Gs^Fp, Gs^Fp, Gs^Fp, Dd, Ss, Ss, Hd, Hd
