border_size=1
usage=map

Wot, Wot, Wot, Wot, Wot, Wot, Wot, Wot, Wot, Wot, Wot, Wwt, Wwt, Dd, Dd, Md, Md^Xm, Gs^Ftp, Gs^Ftp, Gs^Ftp, Gs^Ftp, Md, Gs^Ftp, Dd, Wwt, Wwt, Wot, Wot, Wot, Wot, Wot, Wot, Wot
Wot, Wot, Wot, Wot, Wot, Wot, Wot, Wot, Wot, Wot, Wot, Wwt, Wwt, Dd, Dd, Md, Md, Gs^Ftp, Gs^Ftp, Gs^Ftp, Gs^Ftp, Md, Gs^Ftp, Dd, Wwt, Wwt, Wot, Wot, Wot, Wot, Wot, Wot, Wot
Wot, Wot, Wot, Wot, Wot, Wot, Wwt, Wot, Wwt, Wwt, Wwt, Wot, Wot, Wwt, Dd, Md, Gs^Ftp, Gs^Ftp, Gs^Ftp, Gs^Ftp, Hhd^Fts, Gs^Ftp, Gs^Ftp, Dd, Wwt, Wot, Wot, Wot, Wot, Wot, Wot, Wot, Wot
Wot, Wot, Wot, Wot, Wwt, Wwt, Dd, Wwt, Dd, Dd, Dd, Wwt, Wwt, Wwt, Wwt, Dd, Hd, Gs^Ftp, Gs, Gs, Gs^Ftp, Gs^Ftp, Dd, Dd, Wwt, Wot, Wot, Wot, Wot, Wot, Wwt, Wot, Wot
Wot, Wot, Wot, Wwt, Dd, Dd, Gs^Ftp, Dd, Hd^Fts, Hd, Gs^Ftp, Dd, Dd, Wwt, Wwt, Dd, Gd, Gs, Gs, Gs^Vht, Hhd^Fts, Gs^Ftp, Dd, Wwt, Wot, Wot, Wot, Wot, Wwt, Wwt, Ds, Wwt, Wwt
Wot, Wot, Wot, Wwt, Dd, Gs^Ftp, Gs^Ftp, Gs^Ftp, Gll, Gs^Vht, Gs^Ftp, Gs^Ftp, Gs, Dd, Dd^Ftd, Dd, Gs, Gs, Gs^Ftp, Gs^Ftp, Dd, Hd, Dd, Wwt, Wot, Wot, Wwt, Wwt, Hd, Hd, Hd, Wwt, Wwt
Wot, Wot, Wot, Wwt, Wwt, Dd, Gs, Gs^Ftp, Gs, Gs, Gs, Gs^Ftp, Gs, Gs, Hh, Hh, Gs, Gs^Ftp, Gs^Ftp, Dd, Wwt, Dd, Wwt, Wwt, Wot, Wot, Wwt, Ds, Hd^Fetd, Md, Hd, Wwt, Wwt
Wot, Wot, Wot, Wwrt, Wwt, Dd, Gs, Gs, Gs, Gs, Gd, Gs, Gs, Gs^Vht, Gs^Ftp, Hh, Gs, Gs, Gs^Vht, Dd, Wwt, Wwt, Wot, Wot, Wot, Wot, Wwt, Ds, Hd, Md, Ds, Wwt, Wwt
Wot, Wot, Wot, Wot, Wwt, Dd, Dd, Gs, Gs, 5 Kh, Ch, Gs, Gs, Gs^Ftp, Gs^Ftp, Gs^Ftp, Gs, Gs, Gs, Dd, Dd, Wwt, Wwt, Wot, Wot, Wot, Wot, Wwt, Ds, Hd, Wwt, Wwt, Wwt
Wot, Wot, Wot, Wot, Wwt, Wwt, Dd, Gs, Gs, Ch, Gs, Gs, Gs, Gs^Ftp, Gs^Ftp, Gs^Ftp, Gs, Gs, Gs, Gs, Gs, Dd, Dd, Wwt, Wot, Wot, Wot, Wwt, Wwt, Wwt, Wwt, Wo, Wo
Wot, Wot, Wot, Wot, Wwt, Wwt, Dd, Gs^Vht, Gd, Gs, Gs, Gs, Gs, Gs^Ftp, Gs, Gs, Ch, 4 Kh, Gs, Gs, Gs, Gs, Dd, Wwt, Wwt, Wot, Wot, Wot, Wot, Wwrt, Ds, Wwt, Wo
Wot, Wot, Wot, Wwrt, Wwt, Dd, Gs^Ftp, Hd, Hh, Gs, Gs, Gs, Gs^Vht, Gs^Ftp, Gs, Gs, Gs, Ch, Gs, Gs^Ft, Hd^Fts, Gs^Ft, Hd, Dd, Wwt, Wot, Wot, Wot, Wot, Wwt, Hd, Wwt, Wwt
Wot, Wot, Wot, Wwt, Dd, Dd, Gs^Ftp, Gs^Ftp, Gs, Gs, Gs, Gs, Hh, Hh, Hh^Ftp, Gs, Gs, Gs, Dd, Gs^Ft, Hd, Md, Gs^Vht, Dd, Wwt, Wot, Wot, Wot, Wot, Wot, Wwt, Wwt, Wwt
Wot, Wot, Wot, Wwt, Dd, Gs^Ftp, Gs^Ftp, Hh, Gs, Gs, Gs, Gs, Gs, Hh, Gs, Gs, Dd, Dd, Wwt, Dd, Dd, Hd, Dd, Dd, Wwt, Wot, Wot, Wot, Wot, Wot, Wot, Wot, Wot
Wot, Wot, Wot, Wwt, Dd, Gs^Ftp, Dd, Gs, Gs, Gs, Gs^Ftp, Gs^Ftp, Gs, Gs, Gs^Vht, Dd, Wwt, Wwt, Wot, Wwt, Wwt, Dd, Wwt, Wwt, Wot, Wwrt, Wot, Wot, Wot, Wot, Wot, Wot, Wot
Wot, Wot, Wot, Wwt, Wwt, Dd, Wwt, Dd, Hd, Gs, Gs, Gs^Ftp, Gs^Ftp, Gs, Gs, Dd, Dd, Wwt, Wwt, Wot, Wot, Wwt, Wot, Wot, Wwrt, Wot, Wot, Wwrt, Ww, Wot, Ww, Wot, Wot
Wot, Wot, Wot, Wot, Wot, Wwt, Wwt, Dd, Dd, Gs, Gs, Gs^Ftp, Gs, Gs, Gs, Gs^Ftp, Gs, Dd, Dd, Wwt, Wwt, Wot, Wwrt, Wot, Wot, Wot, Ww, Ww, Dd, Ww, Dd, Ww, Ww
Wot, Wot, Wot, Wot, Wot, Wot, Wwt, Wwt, Dd, Gs, Gs, Gs, Hh, Hh, Gs, Gs, Gs^Ftp, Hd, Gs, Dd, Dd, Wwt, Wwt, Wot, Ww, Ww, Dd, Dd, Gs^Ftp, Dd, Gs^Ftp, Dd, Dd
Wot, Wot, Wot, Wot, Wot, Wot, Wwt, Wwt, Dd, Gs^Vht, Gs^Ftp, Hhd^Fts, Gs, Hh, Gs, Gs, Gs^Ftp, Gs^Ftp, Dd, Hd, Gs^Vht, Dd, Wwt, Wot, Ww, Dd, Gs^Ftp, Gs^Ftp, Gs^Vht, Hh^Fts, Hh, Hd, Hd
Wot, Wot, Wot, Wot, Wot, Wwt, Dd, Dd, Gs, Gs, Gs^Ftp, Gs^Ftp, Gs^Ftp, Gs, Gs, Gs^Ftp, Dd, Dd, Wwt, Dd, Dd, Dd, Wwt, Wot, Ww, Dd, Gs^Ftp, Gs^Ftp, Ce, 1 Ke, Gs, Gs, Gs
Wot, Wot, Wot, Wot, Wot, Wwt, Dd, Gd, Gs, Gs, Gs, Gs, Gs, Gs, Gd, Gs^Vht, Dd, Wwt, Wot, Wwt, Wwt, Wwt, Wot, Wot, Ww, Dd, Gs^Ftp, Gs, Ce, Ce, 3 Ke, Gs, Gs
Wot, Wot, Wot, Wot, Wot, Wwt, Dd, Gs, Hh^Fts, Gs, Gs^Ftp, Gs, Gs, Gd, Gd, Gs, Dd, Wwt, Wwt, Wot, Wot, Wwrt, Wot, Ww, Dd, Dd, Gs, Gs, 2 Ke, Gs, Gs, Gs, Gs
Wot, Wot, Wot, Wot, Wot, Wwt, Dd, Hd, Gs^Ftp, Gs^Ftp, Gs^Ftp, Gs^Ftp, Gs^Vht, Gs, Gd, Gs, Gs, Dd, Dd, Wwt, Wwt, Wot, Wwt, Dd, Gs^Ftp, Gs, Hhd^Fts, Gs^Vht, Hd, Hh, Dd, Gs^Ftp, Gs^Ftp
Wot, Wot, Wot, Wot, Wot, Wwt, Wwt, Dd, Dd, Dd, Dd, Gs^Ftp, Gs^Ftp, Hd, Hd, Gs, Gs^Ftp, Gs^Ftp, Gs^Ftp, Dd, Dd, Wwt, Dd, Dd, Gs, Gs^Ftp, Gs^Ftp, Hd^Fts, Dd, Dd, Wwt, Dd, Dd
Wot, Wot, Wot, Wot, Wot, Wwrt, Wwrt, Wwt, Wwt, Wwt, Wwt, Dd, Dd, Dd, Dd, Gs, Gs, Hhd^Fts, Hh, Hh, Gd, Dd, Gd, Gd, Gs, Gs, Dd, Dd, Wwt, Wwt, Wot, Wwt, Wwt
Wot, Wot, Wot, Wot, Wot, Wot, Wot, Wot, Wot, Wwt, Wwt, Wwt, Wwt, Wwt, Wwt, Dd, Gd, Gs, Gs, Hh, Gs, Gd, Gs, Gd, Gs, Gs^Vht, Dd, Wwt, Wot, Wot, Wot, Wot, Wot
Wot, Wot, Wot, Wot, Wot, Wot, Wot, Wot, Wot, Wot, Wot, Wot, Wot, Wot, Wwt, Dd, Dd, Gs, Gs^Vht, Gs, Gd, Gd, Dd, Gs, Dd, Dd, Wwt, Wwt, Wot, Wot, Wot, Wot, Wot
Wot, Wot, Wot, Wot, Wot, Wot, Wot, Wot, Wot, Wot, Wot, Wot, Wot, Wot, Wot, Wwt, Wwt, Dd, Dd, Dd, Dd, Dd, Wwt, Dd, Wwt, Wwt, Wot, Wot, Wot, Wot, Wot, Wot, Wot
Wot, Wot, Wot, Wot, Wot, Wot, Wot, Wot, Wot, Wot, Wot, Wot, Wot, Wot, Wot, Wot, Wot, Wwt, Wwt, Wwt, Wwt, Wwt, Wot, Wwt, Wot, Wot, Wot, Wot, Wot, Wot, Wot, Wot, Wot
Wot, Wot, Wot, Wot, Wot, Wot, Wot, Wot, Wot, Wot, Wot, Wot, Wot, Wot, Wot, Wot, Wot, Wot, Wot, Wot, Wot, Wot, Wot, Wot, Wot, Wot, Wot, Wot, Wot, Wot, Wot, Wot, Wot
Wot, Wot, Wot, Wot, Wot, Wot, Wot, Wot, Wot, Wot, Wot, Wot, Wot, Wot, Wot, Wot, Wot, Wot, Wot, Wot, Wot, Wot, Wot, Wot, Wot, Wot, Wot, Wot, Wot, Wot, Wot, Wot, Wot
