border_size=1
usage=map

Wot, Wot, Wot, Wot, Wot, Wot, Wot, Wot, Wot, Wot, Wot, Wot, Wot, Wot, Wot, Wot, Wot, Wot, Wot, Wot, Wot, Wot, Wot, Wot, Wot, Wot, Wot, Wot, Wot, Wot, Wot, Wot
Wot, Wot, Wot, Wot, Wot, Wot, Wot, Wot, Wot, Wot, Wot, Wot, Wot, Wot, Wot, Wot, Wot, Wot, Wot, Wot, Wot, Wot, Wot, Wot, Wot, Wot, Wot, Wot, Wot, Wot, Wot, Wot
Wot, Wot, Wot, Wot, Wot, Wot, Wot, Wot, Wot, Wot, Wot, Wot, Wot, Wot, Wwt, Wwt, Wwt, Wwt, Wwt, Wot, Wot, Wot, Wot, Wot, Wot, Wot, Wot, Wot, Wot, Wot, Wot, Wot
Wot, Wot, Wot, Wot, Wot, Wot, Wot, Wot, Wot, Wot, Wot, Wot, Wwt, Wwt, Dd, Dd, Dd, Dd, Dd, Wwt, Wot, Wot, Wot, Wot, Wot, Wot, Wot, Wot, Wot, Wot, Wot, Wot
Wot, Wot, Wot, Wot, Wot, Wot, Wot, Wot, Wot, Wot, Wwt, Wwt, Dd, Dd, Dd, Dd, Dd, Dd^Vdt, Dd, Wwrt, Wwt, Wot, Wot, Wot, Wot, Wot, Wot, Wot, Wot, Wot, Wot, Wot
Wot, Wot, Wot, Wot, Wot, Wot, Wot, Wot, Wot, Wwt, Dd, Dd, Gs, Dd, Dd, Dd, Cdr, Gs, Gs, Dd, Dd, Wwt, Wwt, Wwt, Wwt, Wot, Wot, Wot, Wot, Wot, Wot, Wot
Wot, Wot, Wot, Wot, Wot, Wot, Wwt, Wot, Wwt, Wwrt, Dd, Dd^Vdt, Gs, Gs, Cdr, 4 Kdr, Cdr, Gs, Gs, Dd, Dd, Dd, Dd, Dd, Dd, Wwt, Wot, Wot, Wot, Wot, Wot, Wot
Wot, Wot, Wot, Wot, Wwt, Wwt, Dd, Wwt, Dd, Dd, Dd, Gs, Hd, Hd, Hd, Cdr, Gs, Hd, Dd, Gs, Ds^Ftp, Ds^Ftp, Ds^Ftp, Ds^Ftp, Dd, Wwt, Wwt, Wot, Wot, Wot, Wot, Wot
Wot, Wot, Wot, Wot, Wwt, Dd, Dd, Dd, Gs, Dd, Dd, Dd, Dd, Gs, Dd, Dd, Dd, Hd, Dd, Dd, Ds^Ftp, Ds^Ftp, Ds^Ftp, Ds^Ftp, Ds^Ftp, Dd, Dd, Wwt, Wwt, Wot, Wot, Wot
Wot, Wot, Wot, Wot, Dd, Dd, Dd^Ftp, Hd, Hd, Gs, Dd, Dd, Ds^Ftp, Ds^Ftp, Ds^Ftp, Dd, Gs, Gs, Dd, Dd, Ds^Ftp, Ds^Ftp, Wwt, Wwt, Wwt, Ds^Ftp, Ds^Ftp, Dd, Wwt, Wot, Wot, Wot
Wot, Wot, Wot, Wwt, Dd, Dd, Dd, Hd, Gs, Dd, Dd, Dd, Ds^Ftp, Ds^Ftp, Wwt, Ds^Ftp, Ds^Ftp, Gs^Vht, Dd, Dd, Ds^Ftp, Ds^Ftp, Wwt, Wwt, Wwt, Ds^Ftp, Ds^Ftp, Dd, Dd, Wwt, Wot, Wot
Wot, Wot, Wwt, Wwt, Dd, Gs, Dd, Gs, Ds^Ftp, Dd, Dd, Ds^Ftp, Ds^Ftp, Wwt, Wwt, Wwt, Ds^Ftp, Ds^Ftp, Dd, Dd, Ds^Ftp, Ds^Ftp, Wwt, Wwt, Wwt, Ds^Ftp, Ds^Ftp, Gs^Vht, Dd, Wwt, Wot, Wot
Wot, Wot, Wwt, Dd, Dd^Vdt, Gs, Ds^Ftp, Ds^Ftp, Ds^Ftp, Dd, Gs, Ds^Ftp, Ds^Ftp, Wwt, Wwt, Wwt, Wwt, Ds^Ftp, Dd, Gs, Ds^Ftp, Ds^Ftp, Ds^Ftp, Wwt, Ds^Ftp, Ds^Ftp, Ds^Ftp, Gs, Dd, Wwt, Wot, Wot
Wot, Wot, Wwt, Dd, Dd, Ds^Ftp, Ds^Ftp, Wwt, Ds^Ftp, Ds^Ftp, Dd, Dd^Vdt, Ds^Ftp, Ds^Ftp, Wwt, Wwt, Wwt, Ds^Ftp, Dd, Dd, Dd, Ds^Ftp, Ds^Ftp, Ds^Ftp, Ds^Ftp, Ds^Ftp, Dd, Dd, Wwt, Wwt, Wot, Wot
Wot, Wot, Wot, Wwrt, Dd, Ds^Ftp, Ds^Ftp, Wwt, Wwt, Ds^Ftp, Ds^Ftp, Dd, Dd, Ds^Ftp, Ds^Ftp, Ds^Ftp, Ds^Ftp, Ds^Ftp, Dd, Dd, Dd, Gg, Dd, Dd, Gs, Dd, Dd, Dd, Wwt, Wot, Wot, Wot
Wot, Wot, Wot, Wwt, Dd, Ds^Ftp, Ds^Ftp, Wwt, Wwt, Ds^Ftp, Gs, Gs, Dd, Dd, Dd, Ds^Ftp, Dd, Gs, Gs, Dd, Gs, Dd, Dd, Dd, Gs, Gs, Dd, Wwt, Wot, Wot, Wot, Wot
Wot, Wot, Wwt, Dd, Dd, Dd, Ds^Ftp, Ds^Ftp, Ds^Ftp, Ds^Ftp, Dd, Gs, Dd, Dd, Dd, Dd, Md, Hd, Gs, Gs, Dd, Hd, Hd, Dd, Dd, Gs, Dd, Wwrt, Wwt, Wot, Wot, Wot
Wot, Wot, Wwt, Dd, Dd, Dd, Dd, Ds^Ftp, Hd, Gs, Gs, Dd, Dd, Dd, Dd, Hd, Hd, Hd, Dd, Gs, Dd^Vda, Hd, Dd^Ftp, Gs, Gs, Gs, Dd^Vda, Dd, Wwt, Wot, Wot, Wot
Wot, Wot, Wot, Wwt, Dd, Dd, Dd, Hd, Md, Hd, Dd, Dd, Dd, Dd, Dd, Dd, Gs, Dd, Gs, Gs, Gs, Dd, Dd, Dd, Gs, Dd, Dd, Dd, Wwt, Wot, Wot, Wot
Wot, Wot, Wot, Wwt, Dd, Dd^Ftp, Dd, Hd, Hd, Dd^Vda, Ds^Ftp, Ds^Ftp, Ds^Ftp, Ds^Ftp, Ds^Ftp, Dd, Dd, 2 Ke, Ce, Ce, Gs, Dd, Dd, Dd, Dd, Dd, Dd, Wwt, Wot, Wot, Wot, Wot
Wot, Wot, Wot, Wwt, Wwt, Dd, Dd, Hd, Gs, Ds^Ftp, Ds^Ftp, Wwrt, Wwt, Ds^Ftp, Ds^Ftp, Dd, Gs, Dd, Ce, 1 Ke, Dd, Dd, Wwt, Wwt, Wwt, Dd, Wwt, Wwt, Wot, Wot, Wot, Wot
Wot, Wot, Wot, Wot, Wot, Wwt, Dd, Dd, Gs, Gs, Ds^Ftp, Ds^Ftp, Wwt, Wwt, Wwt, Ds^Ftp, Gs, 3 Ke, Dd, Dd, Dd, Wwt, Wot, Wot, Wot, Wwt, Wot, Wot, Wot, Wot, Wot, Wot
Wot, Wot, Wot, Wot, Wot, Wwt, Wwt, Dd, Dd, Gs, Gs, Ds^Ftp, Ds^Ftp, Wwt, Ds^Ftp, Ds^Ftp, Dd, Dd, Dd, Dd, Wwt, Wwt, Wot, Wot, Wot, Wot, Wot, Wot, Wot, Wot, Wot, Wot
Wot, Wot, Wot, Wot, Wot, Wot, Wwt, Dd, Dd, Dd, Dd, Dd^Vda, Dd, Ds^Ftp, Ds^Ftp, Dd, Dd, Dd, Wwt, Wwt, Wot, Wot, Wot, Wot, Wot, Wot, Wot, Wot, Wot, Wot, Wot, Wot
Wot, Wot, Wot, Wot, Wot, Wot, Wot, Wwt, Wwt, Dd, Wwt, Dd, Wwt, Dd, Dd, Dd, Dd, Dd, Wwt, Wot, Wot, Wot, Wot, Wot, Wot, Wot, Wot, Wot, Wot, Wot, Wot, Wot
Wot, Wot, Wot, Wot, Wot, Wot, Wot, Wot, Wot, Wwt, Wot, Wwt, Wot, Wwt, Wwt, Dd, Wwt, Wwt, Wot, Wot, Wot, Wot, Wot, Wot, Wot, Wot, Wot, Wot, Wot, Wot, Wot, Wot
Wot, Wot, Wot, Wot, Wot, Wot, Wot, Wot, Wot, Wot, Wot, Wot, Wot, Wot, Wot, Wwt, Wot, Wot, Wot, Wot, Wot, Wot, Wot, Wot, Wot, Wot, Wot, Wot, Wot, Wot, Wot, Wot
Wot, Wot, Wot, Wot, Wot, Wot, Wot, Wot, Wot, Wot, Wot, Wot, Wot, Wot, Wot, Wot, Wot, Wot, Wot, Wot, Wot, Wot, Wot, Wot, Wot, Wot, Wot, Wot, Wot, Wot, Wot, Wot
Wot, Wot, Wot, Wot, Wot, Wot, Wot, Wot, Wot, Wot, Wot, Wot, Wot, Wot, Wot, Wot, Wot, Wot, Wot, Wot, Wot, Wot, Wot, Wot, Wot, Wot, Wot, Wot, Wot, Wot, Wot, Wot
