border_size=1
usage=map

Wo, Wo, Wo, Wo, Ww, Ww, Ds, Ds, Ds, Ds, Gs^Fds, Ds, Gs^Fds, Ds, Gs^Fds, Ds, Gs^Fds, Ds, Ds, Ds, Ds, Ds, Ds, Gs^Fds, Gs^Fds, Ds, Gs^Fds, Ds, Gs^Fds, Ds, Gs^Fds, Ds, Ds, Ww, Wo, Wo, Wo, Wo, Wo, Wo, Wo
Wo, Wo, Wo, Wo, Ww, Ww, Ds, Ds, Gs^Fds, Gs^Fds, Gs^Fds, Gs^Fds, Gs^Fds, Gs^Fds, Rd^Xo, Gs^Fds, Gs^Fds, Gs^Fds, Gs^Fds, Gs^Fds, Gs^Fds, Gs^Fds, Gs^Fds, Gs^Fds, Gs^Fds, Gs^Fds, Rd^Xo, Gs^Fds, Gs^Fds, Gs^Fds, Gs^Fds, Gs^Fds, Ds, Ww, Ww, Wo, Ww, Wo, Wo, Wo, Wo
Wo, Wo, Wo, Wo, Ww^Bsb\, Ww, Ds, Ds, Gs^Fds, Gs^Fds, Gs^Fds, Gs^Fds, Rd^Xo, Rd^Xo, Rr^Vht, Rd^Xo, Rd^Xo, Gs^Fds, Gs^Fds, Gs^Fds, Gs^Fds, Gs^Fds, Gs^Fds, Gs^Fds, Rd^Xo, Rd^Xo, Rr^Vht, Rd^Xo, Rd^Xo, Gs^Fds, Gs^Fds, Gs^Fds, Gs^Fds, Ds, Ds, Ww, Ds, Ww, Ww, Wo, Wo
Wo, Wo, Ww^Bsb\, Ww, Rd, Rr^Bsb\, Rrc, Rd, 3 Gs^Fds, Gs^Fds, Rd^Xo, Rd^Xo, Rrc, Rrc, Wo^Xo, Rrc, Rrc, Rd^Xo, Rd^Xo, Gs^Fds, Gs^Fds, Gs^Fds, Rd^Xo, Rd^Xo, Rrc, Rrc, Wo^Xo, Rrc, Rrc, Rd^Xo, Rd^Xo, Gs^Fds, Gs^Fds, Gs^Fds, Gs^Fds, Ds, Gs^Fds, Ds, Ds, Ww, Ww
Ww, Ww, Ds, Rr^Bsb\, Rrc, Rd, 2 Rrc, Rd, Rrc, Rd, Rrc, Rrc, Wo^Xo, Wo^Xo, Gs^Efm, Wo^Xo, Wo^Xo, Rrc, Rrc, Rd^Xo, Rd^Xo, Rd^Xo, Rrc, Rrc, Wo^Xo, Wo^Xo, Gs^Efm, Wo^Xo, Wo^Xo, Rrc, Rrc, Rd^Xo, Rd^Xo, Gs^Fds, Gs^Fds, Gs^Fds, Gs^Fds, Gs^Fds, Gs^Fds, Ds, Ds
Ds, Ds, Gs^Fds, Rd, Gs^Fds, Rrc, 1 Rr^Fet, Rrc, Rr^Vht, Rrc, Wo^Xo, Wo^Xo, Gs^Efm, Gs^Efm, Gg^Fet, Gs^Efm, Gs^Efm, Wo^Xo, Wo^Xo, Rrc, Rr^Vht, Rrc, Wo^Xo, Wo^Xo, Gs^Efm, Gs^Efm, Gg^Fet, Gs^Efm, Gs^Efm, Wo^Xo, Wo^Xo, Rrc, Rr^Vht, Rd^Xo, Rd^Xo, Gs^Fds, Gs^Fds, Gs^Fds, Gs^Fds, Gs^Fds, Gs^Fds
Gs^Fds, Gs^Fds, Gs^Fds, Gs^Fds, Rd^Xo, Rd, Rrc, Rrc, Wo^Xo, Rrc, Rrc, Wo^Xo, Wo^Xo, Gs^Efm, Gs^Efm, Gs^Efm, Wo^Xo, Wo^Xo, Rrc, Rrc, Wo^Xo, Rrc, Rrc, Wo^Xo, Wo^Xo, Gs^Efm, Gs^Efm, Gs^Efm, Wo^Xo, Wo^Xo, Rrc, Rrc, Wo^Xo, Rrc, Rrc, Rd^Xo, Rd^Xo, Gs^Fds, Gs^Fds, Gs^Fds, Gs^Fds
Gs^Fds, Gs^Fds, Rd^Xo, Rd^Xo, Rrc, Rrc, Wo^Xo, Wo^Xo, Gs^Efm, Wo^Xo, Wo^Xo, Rrc, Rrc, Wo^Xo, Wo^Xo, Wo^Xo, Rrc, Rrc, Wo^Xo, Wo^Xo, Gs^Efm, Wo^Xo, Wo^Xo, Rrc, Rrc, Wo^Xo, Wo^Xo, Wo^Xo, Rrc, Rrc, Wo^Xo, Wo^Xo, Gs^Efm, Wo^Xo, Wo^Xo, Rrc, Rrc, Rd^Xo, Rd^Xo, Gs^Fds, Gs^Fds
Gs^Fds, Rd^Xo, Rr^Vht, Rrc, Wo^Xo, Wo^Xo, Gs^Efm, Gs^Efm, Gg^Fet, Gs^Efm, Gs^Efm, Wo^Xo, Wo^Xo, Rrc, Rr^Vht, Rrc, Wo^Xo, Wo^Xo, Gs^Efm, Gs^Efm, Gg^Fet, Gs^Efm, Gs^Efm, Wo^Xo, Wo^Xo, Rrc, Rr^Vht, Rrc, Wo^Xo, Wo^Xo, Gs^Efm, Gs^Efm, Gg^Fet, Gs^Efm, Gs^Efm, Wo^Xo, Wo^Xo, Rrc, Rr^Vht, Rd^Xo, Gs^Fds
Gs^Fds, Rd^Xo, Rd^Xo, Rrc, Rrc, Wo^Xo, Wo^Xo, Gs^Efm, Gs^Efm, Gs^Efm, Wo^Xo, Wo^Xo, Rrc, Rrc, Wo^Xo, Rrc, Rrc, Wo^Xo, Wo^Xo, Gs^Efm, Gs^Efm, Gs^Efm, Wo^Xo, Wo^Xo, Rrc, Rrc, Wo^Xo, Rrc, Rrc, Wo^Xo, Wo^Xo, Gs^Efm, Gs^Efm, Gs^Efm, Wo^Xo, Wo^Xo, Rrc, Rrc, Rd^Xo, Rd^Xo, Gs^Fds
Gs^Fds, Gs^Fds, Gs^Fds, Rd^Xo, Rd^Xo, Rrc, Rrc, Wo^Xo, Wo^Xo, Wo^Xo, Rrc, Rrc, Wo^Xo, Wo^Xo, Gs^Efm, Wo^Xo, Wo^Xo, Rrc, Rrc, Wo^Xo, Wo^Xo, Wo^Xo, Rrc, Rrc, Wo^Xo, Wo^Xo, Gs^Efm, Wo^Xo, Wo^Xo, Rrc, Rrc, Wo^Xo, Wo^Xo, Wo^Xo, Rrc, Rrc, Rd^Xo, Rd^Xo, Gs^Fds, Gs^Fds, Gs^Fds
Gs^Fds, Gs^Fds, Gs^Fds, Gs^Fds, Gs^Fds, Rd^Xo, Rd^Xo, Rrc, Rr^Vht, Rrc, Wo^Xo, Wo^Xo, Gs^Efm, Gs^Efm, Gg^Fet, Gs^Efm, Gs^Efm, Wo^Xo, Wo^Xo, Rrc, Rr^Vd, Rrc, Wo^Xo, Wo^Xo, Gs^Efm, Gs^Efm, Gg^Fet, Gs^Efm, Gs^Efm, Wo^Xo, Wo^Xo, Rrc, Rr^Vht, Rrc, Rd^Xo, Rd^Xo, Gs^Fds, Gs^Fds, Gs^Fds, Gs^Fds, Gs^Fds
Gs^Fds, Gs^Fds, Gs^Fds, Gs^Fds, Rd^Xo, Rd^Xo, Rrc, Rrc, Wo^Xo, Rrc, Rrc, Wo^Xo, Wo^Xo, Gs^Efm, Gs^Efm, Gs^Efm, Wo^Xo, Wo^Xo, Rrc, Rrc, Wo^Xo, Rrc, Rrc, Wo^Xo, Wo^Xo, Gs^Efm, Gs^Efm, Gs^Efm, Wo^Xo, Wo^Xo, Rrc, Rrc, Wo^Xo, Rrc, Rrc, Rd^Xo, Rd^Xo, Gs^Fds, Gs^Fds, Gs^Fds, Gs^Fds
Gs^Fds, Gs^Fds, Rd^Xo, Rd^Xo, Rrc, Rrc, Wo^Xo, Wo^Xo, Gs^Efm, Wo^Xo, Wo^Xo, Rrc, Rrc, Wo^Xo, Wo^Xo, Wo^Xo, Rrc, Rrc, Wo^Xo, Wo^Xo, Gs^Efm, Wo^Xo, Wo^Xo, Rrc, Rrc, Wo^Xo, Wo^Xo, Wo^Xo, Rrc, Rrc, Wo^Xo, Wo^Xo, Gs^Efm, Wo^Xo, Wo^Xo, Rrc, Rrc, Rd^Xo, Rd^Xo, Gs^Fds, Gs^Fds
Gs^Fds, Rd^Xo, Rr^Vht, Rrc, Wo^Xo, Wo^Xo, Gs^Efm, Gs^Efm, Gg^Fet, Gs^Efm, Gs^Efm, Wo^Xo, Wo^Xo, Rrc, Rr^Vht, Rrc, Wo^Xo, Wo^Xo, Gs^Efm, Gs^Efm, Gg^Fet, Gs^Efm, Gs^Efm, Wo^Xo, Wo^Xo, Rrc, Rr^Vht, Rrc, Wo^Xo, Wo^Xo, Gs^Efm, Gs^Efm, Gg^Fet, Gs^Efm, Gs^Efm, Wo^Xo, Wo^Xo, Rrc, Rr^Vht, Rd^Xo, Gs^Fds
Gs^Fds, Rd^Xo, Rd^Xo, Rrc, Rrc, Wo^Xo, Wo^Xo, Gs^Efm, Gs^Efm, Gs^Efm, Wo^Xo, Wo^Xo, Rrc, Rrc, Wo^Xo, Rrc, Rrc, Wo^Xo, Wo^Xo, Gs^Efm, Gs^Efm, Gs^Efm, Wo^Xo, Wo^Xo, Rrc, Rrc, Wo^Xo, Rrc, Rrc, Wo^Xo, Wo^Xo, Gs^Efm, Gs^Efm, Gs^Efm, Wo^Xo, Wo^Xo, Rrc, Rrc, Rd^Xo, Rd^Xo, Gs^Fds
Gs^Fds, Gs^Fds, Gs^Fds, Rd^Xo, Rd^Xo, Rrc, Rrc, Wo^Xo, Wo^Xo, Wo^Xo, Rrc, Rrc, Wo^Xo, Wo^Xo, Gs^Efm, Wo^Xo, Wo^Xo, Rrc, Rrc, Wo^Xo, Wo^Xo, Wo^Xo, Rrc, Rrc, Wo^Xo, Wo^Xo, Gs^Efm, Wo^Xo, Wo^Xo, Rrc, Rrc, Wo^Xo, Wo^Xo, Wo^Xo, Rrc, Rrc, Rd^Xo, Rd^Xo, Gs^Fds, Gs^Fds, Gs^Fds
Gs^Fds, Gs^Fds, Gs^Fds, Gs^Fds, Gs^Fds, Rd^Xo, Rd^Xo, Rrc, Rr^Vht, Rrc, Wo^Xo, Wo^Xo, Gs^Efm, Gs^Efm, Gg^Fet, Gs^Efm, Gs^Efm, Wo^Xo, Wo^Xo, Rrc, Rr^Vht, Rrc, Wo^Xo, Wo^Xo, Gs^Efm, Gs^Efm, Gg^Fet, Gs^Efm, Gs^Efm, Wo^Xo, Wo^Xo, Rrc, Rr^Vht, Rrc, Re, Re, Gs^Fds, Gs^Fds, Gs^Fds, Gs^Fds, Gs^Fds
Ds, Gs^Fds, Gs^Fds, Gs^Fds, Gs^Fds, Gs^Fds, Gs^Fds, Rd^Xo, Rd^Xo, Rrc, Rrc, Wo^Xo, Wo^Xo, Gs^Efm, Gs^Efm, Gs^Efm, Wo^Xo, Wo^Xo, Rrc, Rrc, Rd^Xo, Rrc, Rrc, Wo^Xo, Wo^Xo, Gs^Efm, Gs^Efm, Gs^Efm, Wo^Xo, Wo^Xo, Rrc, Rrc, Re, Re, Re, Gs^Fds, Gs^Fds, Gs^Fds, Gs^Fds, Gs^Fds, Ds
Ww, Ds, Ds, Gs^Fds, Gs^Fds, Gs^Fds, Gs^Fds, Gs^Fds, Gs^Fds, Rd^Xo, Rd^Xo, Rrc, Rrc, Wo^Xo, Wo^Xo, Wo^Xo, Rrc, Rrc, Rd^Xo, Rd^Xo, Gs^Fds, Rd^Xo, Rd^Xo, Rrc, Rrc, Wo^Xo, Wo^Xo, Wo^Xo, Rrc, Rrc, Rd^Xo, Re, Gs^Fds, Gs^Fds, Gs^Fds, 4 Re, Re, Re, Re, Gs^Fds, Ds
Wo, Ww, Ww, Ds, Ds, Gs^Fds, Gs^Fds, Gs^Fds, Gs^Fds, Gs^Fds, Gs^Fds, Rd^Xo, Rd^Xo, Rrc, Rr^Vht, Rrc, Rd^Xo, Rd^Xo, Gs^Fds, Gs^Fds, Gs^Fds, Gs^Fds, Gs^Fds, Rd^Xo, Rd^Xo, Rrc, Rr^Vht, Rrc, Rd^Xo, Rd^Xo, Gs^Fds, Gs^Fds, Gs^Fds, Gs^Fds, Gs^Fds, Re, Ds^Bw\, Ds, Ds, Ds, Ww
Wo, Wo, Wo, Ww, Ww, Ds, Ds, Gs^Fds, Gs^Fds, Gs^Fds, Gs^Fds, Gs^Fds, Gs^Fds, Rd^Xo, Rd^Xo, Rd^Xo, Gs^Fds, Gs^Fds, Gs^Fds, Gs^Fds, Gs^Fds, Gs^Fds, Gs^Fds, Gs^Fds, Gs^Fds, Rd^Xo, Rd^Xo, Rd^Xo, Gs^Fds, Gs^Fds, Gs^Fds, Gs^Fds, Gs^Fds, Gs^Fds, Ds, Ds, Ww, Ww, Ww, Ww, Ww
Wo, Wo, Wo, Wo, Wo, Ww, Ww, Ds, Ds, Gs^Fds, Gs^Fds, Gs^Fds, Gs^Fds, Gs^Fds, Gs^Fds, Gs^Fds, Gs^Fds, Gs^Fds, Gs^Fds, Gs^Fds, Gs^Fds, Gs^Fds, Gs^Fds, Gs^Fds, Gs^Fds, Gs^Fds, Gs^Fds, Gs^Fds, Gs^Fds, Gs^Fds, Ds, Gs^Fds, Ds, Ds, Ww, Ww, Wo, Wo, Wo, Wo, Wo
