border_size=1
usage=map

Wo, Wo, Wo, Wo, Wo, Wo, Wo, Wo, Wo, Wo, Wo, Wo, Wo, Wo, Wo, Wo, Wo, Wo, Wo, Wo, Wo, Wo, Wo
Wo, Wo, Wo, Wo, Wo, Wo, Ww, Ww, Ww, Wo, Wo, Wo, Wo, Wo, Ww, Wo, Wo, Wo, Wo, Wo, Wo, Wo, Wo
Wo, Wo, Wo, Wo, Ww, Ww, Ds, Ds, Ds, Ww, Ww, Wo, Ww, Ww, Ds, Ww, Ww, Wo, Wo, Wo, Wo, Wo, Wo
Wo, Wo, Wo, Wo, Ww, Ds, Gg, Gg, Gg, Ds, Wwr, Ww, Ds, Ds, Gg, Ds, Ds, Ww, Ww, Wo, Wo, Wo, Wo
Wo, Wo, Wo, Wo, Ww, Ds, Gg, Gg^Vc, Gg, Ds, Ds, Ds, Gg, Gg, Mm^Xm, Gg, Gg, Ds, Ds, Ww, Ww, Wo, Wo
Wo, Wo, Wo, Ww, Ds, Ds, Gg, Gg, Gg, Gg, Hh, Re, Gs^Fms, Mm, Mm, Mm, Gs^Fms, Gg, Gg, Ds, Ww, Wo, Wo
Wo, Wo, Ww, Ww, Ds, Gg, Gg, Gg, Co, 4 Ko, Hh, Mm, Mm, Hh^Fds, Mm, Mm, Mm, Mm^Xm, Mm, Ds, Ww, Wo, Wo
Wo, Wo, Ww, Ds, Gg, Gg, Gg, Gg, Gg, Co, Gg, Hh^Vc, Gs^Fms, Mm, Mm^Xm, Mm, Hh^Fds, Mm, Hh, Ds, Ww, Wo, Wo
Wo, Ww, Ds, Ds, Gg, Gg, Hh^Vc, Gg, Gg, Gg, Gg, Gg, Hd, Mm, Mm, Mm, Re, Gg, Ds, Ds, Ww, Wo, Wo
Wo, Ww, Ds, Gg, Gg, Gg, Mm, Mm^Xm, Mm, Gg, Gg, Gg, Gg, Mm, Mm, Hh, Gg, Gg, Ds, Wwr, Ww, Wo, Wo
Wo, Ww, Ds, Gg, Gg, Hd, Gs^Fms, Mm, Hh, Gg, Gg, Gg, Gg, Gs^Fms, Gs^Fms, Mm, Gg, Re, Gg, Ds, Ww, Wo, Wo
Wo, Ww, Ww, Ds, Gg, Mm, Mm, Gs^Fms, Hd, Gg, Re, Gg, Gg, Gg, Gg, Gg, Re, Re, Gg, Ds, Ww, Wo, Wo
Wo, Wo, Ww, Ds, Gg, Gs^Fms, Gs^Fms, Mm, Gs^Fms, Gg, Re, Re, Gg, Gg, 3 Gs^Vht, Re, Gg, Gg, Ds, Ds, Ww, Wo, Wo
Wo, Wo, Ww, Ds, Ds, Ds, Gs^Fms, Gs^Fms, Gg, Gg, Gg, Gg, Gg, Gg, Re, Gg, Ds, Ds, Ww, Ww, Wo, Wo, Wo
Wo, Wo, Wo, Ww, Ds, Gg, Gg, Gs^Fms, Gg, Gg, Ds, Ds, Ds, Gg, Ce, 1 Ke, Ds, Ww, Wo, Wo, Wo, Wo, Wo
Wo, Wo, Wo, Ww, Ww, Ds, Ds, Ds, Ds, Ds, Ww, Wwr, Ds, Gg, 2 Ke, Ce, Ds, Ww, Wo, Wo, Wo, Wo, Wo
Wo, Wo, Wo, Wo, Wo, Ww, Ww, Ww, Ww, Ww, Wo, Ww, Ww, Ds, Ds, Ds, Ww, Ww, Wo, Wo, Wo, Wo, Wo
Wo, Wo, Wo, Wo, Wo, Wo, Wo, Wo, Wo, Wo, Wo, Wo, Wo, Ww, Ww, Ww, Wo, Wo, Wo, Wo, Wo, Wo, Wo
Wo, Wo, Wo, Wo, Wo, Wo, Wo, Wo, Wo, Wo, Wo, Wo, Wo, Wo, Wo, Wo, Wo, Wo, Wo, Wo, Wo, Wo, Wo
Wo, Wo, Wo, Wo, Wo, Wo, Wo, Wo, Wo, Wo, Wo, Wo, Wo, Wo, Wo, Wo, Wo, Wo, Wo, Wo, Wo, Wo, Wo
