border_size=1
usage=map

Wo, Wo, Wo, Wo, Wo, Wo, Wo, Wo, Wo, Wo, Wo, Wo, Wo, Wo, Wo, Wo, Wo, Wo, Wo, Wo, Wo, Wo
Wo, Wo, Wo, Wo, Wo, Wo, Wo, Wo, Wo, Wo, Wo, Wo, Wo, Wo, Wo, Wo, Wo, Wo, Wo, Wo, Wo, Wo
Wo, Wo, Wo, Wo, Wo, Wo, Wo, Wo, Wo, Wo, Wo, Wo, Wo, Wo, Wo, Wo, Wo, Wo, Wo, Wo, Wo, Wo
Wo, Wo, Wo, Wo, Wo, Wo, Wo, Wo, Wo, Wo, Wo, Wo, Xuce, Xuce, Xuce, Wo, Wo, Wo, Wo, Wo, Wo, Wo
Wo, Wo, Wo, Wo, Wo, Wo, Wo, Wo, Wo, Wo, Xuce, Xuce, Re, Re, Re, Xuce, Xuce, Wo, Wo, Wo, Wo, Wo
Wo, Wo, Wo, Wo, Wo, Wo, Wo, Wo, Wo, Wo, Xuce, Re, Ce, Ce, Ce, Re^Vyb, Xuce, Wo, Wo, Wo, Wo, Wo
Wo, Wo, Wo, Wo, Wo, Wo, Wo, Wo, Rd, Rd, Re, Re, Ce, 4 Ke, Ce, Re, Xuce, Wo, Wo, Wo, Wo, Wo
Wo, Wo, Wo, Wo, Wo, Wo, Rd, Rd, Re, Re, Xuce, Re, Re, Ce, Re, Re, Xuce, Wo, Wo, Wo, Wo, Wo
Wo, Wo, Wo, Wo, Rd, Rd, Re, Re, Re, Re, Re, Re, Xuce, Re, Xuce, Xuce, Wo, Wo, Wo, Wo, Wo, Wo
Wo, Wo, Xuce, Rd, Re, Re, Re, Xuce, Re, Re, Rd^Vyb, Rd, Wo, Xuce, Wo, Wo, Wo, Wo, Wo, Wo, Wo, Wo
Wo, Wo, Xuce, Re, Re, Re, Re, Re, Rd^Vyb, Rd, Wo^Bp|, Wo, Wo, Wo, Wo, Wo, Xuce, Wo, Wo, Wo, Wo, Wo
Wo, Wo, Xuce, Re, Re, Re, Rd, Rd, Wo^Bp|, Wo, Wo^Bp|, Wo, Wo, Wo, Rd, Rd, Re, Xuce, Xuce, Wo, Wo, Wo
Wo, Wo, Wo, Xuce, Xuce, Rd, Wo, Wo, Wo^Bp|, Wo, Wo^Bp|, Wo, Rd, Rd, Re, Re, Re, Re, Xuce, Wo, Wo, Wo
Wo, Wo, Wo, Wo, Wo, Wo, Wo, Wo, Wo^Bp|, Wo, 2 Rd^Vyb, Rd, Re, Re, Re, Xuce, Re, Re, Xuce, Wo, Wo, Wo
Wo, Wo, Wo, Wo, Wo, Wo, Wo, Wo, 3 Rd^Vyb, Rd, Re, Re, Xuce, Re, Re, Re, Rd, Rd, Wo, Wo, Wo, Wo
Wo, Wo, Wo, Wo, Wo, Wo, Re, Rd, Ce, Re, Re, Re, Re, Re, Rd, Rd, Wo, Wo, Wo, Wo, Wo, Wo
Wo, Wo, Wo, Wo, Wo, Xuce, Re, Ce, 1 Ke, Ce, Re, Re, Rd, Rd, Wo, Wo, Wo, Wo, Wo, Wo, Wo, Wo
Wo, Wo, Wo, Wo, Wo, Xuce, Re, Ce, Ce, Ce, Rd, Rd, Wo, Wo, Wo, Wo, Wo, Wo, Wo, Wo, Wo, Wo
Wo, Wo, Wo, Wo, Wo, Xuce, Xuce, Re, Re, Rd, Wo, Wo, Wo, Wo, Wo, Wo, Wo, Wo, Wo, Wo, Wo, Wo
Wo, Wo, Wo, Wo, Wo, Wo, Wo, Xuce, Wo, Wo, Wo, Wo, Wo, Wo, Wo, Wo, Wo, Wo, Wo, Wo, Wo, Wo
Wo, Wo, Wo, Wo, Wo, Wo, Wo, Wo, Wo, Wo, Wo, Wo, Wo, Wo, Wo, Wo, Wo, Wo, Wo, Wo, Wo, Wo
Wo, Wo, Wo, Wo, Wo, Wo, Wo, Wo, Wo, Wo, Wo, Wo, Wo, Wo, Wo, Wo, Wo, Wo, Wo, Wo, Wo, Wo
Wo, Wo, Wo, Wo, Wo, Wo, Wo, Wo, Wo, Wo, Wo, Wo, Wo, Wo, Wo, Wo, Wo, Wo, Wo, Wo, Wo, Wo
