border_size=1
usage=map

Wo, Wo, Wo, Wo, Wo, Wo, Wo, Wo, Wo, Wo, Wo, Wo, Wo, Wo, Wo, Wo, Wo, Wo, Wo, Wo, Wo, Wo, Wo
Wo, Wo, Wo, Wo, Wo, Wo, Wo, Wo, Wo, Wo, Wo, Wo, Wo, Wo, Wo, Wo, Wo, Wo, Wo, Wo, Wo, Wo, Wo
Wo, Wo, Wo, Wo, Wo, Wo, Wo, Wo, Wo, Wo, Wo, Wo, Wo, Wo, Wo, Wo, Wo, Wo, Wo, Wo, Wo, Wo, Wo
Wo, Wo, Wo, Wo, Wo, Wo, Wo, Wo, Wo, Wo, Wo, Wo, Wo, Wo, Wo, Wo, Xuce, Xuce, Xuce, Wo, Wo, Wo, Wo
Wo, Wo, Wo, Wo, Wo, Wo, Wo, Wo, Xuce, Xuce, Xuce, Wo, Wo, Wo, Wo, Xuce, Re, Re, Re, Xuce, Wo, Wo, Wo
Wo, Wo, Wo, Wo, Wo, Wo, Wo, Xuce, Re, Re, Re, Xuce, Wo, Wo, Wo, Re, Ce, Ce, Ce, Re, Wo, Wo, Wo
Wo, Wo, Wo, Wo, Wo, Wo, Wo, Rd, Re, Re, Re, Rd, Wo, Wo, Wo, Rd, Ce, 1 Ke, Ce, Rd, Wo, Wo, Wo
Wo, Wo, Wo, Wo, Wo, Wo, Wo, Rd, Re, Re, Re, Rd, Wo, Wo, Wo^Bp/, 3 Rd^Vyb, Re, Ce, Re, Rd, Wo, Wo, Wo
Wo, Wo, Wo, Wo, Wo, Wo, Wo, Rd, Re, Re, Re, Rd, Wo^Bp/, Wo^Bp/, Wo, Rd, Re, Re, Re, Rd, Wo, Wo, Wo
Wo, Wo, Wo, Wo, Wo, Wo, Wo, Rd, Re, Xuce, Re, Rd^Vyb, Wo, Wo, Wo^Bp/, 2 Rd^Vyb, Re, Re, Re, Rd, Wo, Wo, Wo
Wo, Wo, Wo, Wo, Wo, Wo, Wo, Rd, Re, Re, Re, Rd, Wo^Bp/, Wo^Bp/, Wo, Rd, Re, Xuce, Re, Rd, Wo, Wo, Wo
Wo, Wo, Wo, Wo, Wo, Wo, Wo, Rd, Re, Re, Re, Rd^Vyb, Wo, Wo, Wo, Rd, Re, Re, Re, Rd, Wo, Wo, Wo
Wo, Wo, Wo, Wo, Wo, Wo, Wo, Rd, Re, Xuce, Re, Rd, Wo, Wo, Wo, Rd, Re, Re, Re, Rd, Wo, Wo, Wo
Wo, Wo, Wo, Wo, Wo, Wo, Xuce, Xuce, Re, Re, Re, Xuce, Xuce, Wo, Wo, Rd, Re, Xuce, Re, Rd, Wo, Wo, Wo
Wo, Wo, Wo, Wo, Wo, Wo, Xuce, Re, Ce, Ce, Ce, Re, Xuce, Wo, Wo, Rd, Re, Re, Re, Rd, Wo, Wo, Wo
Wo, Wo, Wo, Wo, Wo, Wo, Xuce, Re, Ce, 4 Ke, Ce, Re, Xuce, Wo, Wo, Xuce, Xuce, Re, Xuce, Xuce, Wo, Wo, Wo
Wo, Wo, Wo, Wo, Wo, Wo, Xuce, Re, Re, Ce, Re, Re, Xuce, Wo, Wo, Wo, Wo, Xuce, Wo, Wo, Wo, Wo, Wo
Wo, Wo, Wo, Wo, Wo, Wo, Wo, Xuce, Xuce, Re^Vyb, Xuce, Xuce, Wo, Wo, Wo, Wo, Wo, Wo, Wo, Wo, Wo, Wo, Wo
Wo, Wo, Wo, Wo, Wo, Wo, Wo, Wo, Wo, Xuce, Wo, Wo, Wo, Wo, Wo, Wo, Wo, Wo, Wo, Wo, Wo, Wo, Wo
Wo, Wo, Wo, Wo, Wo, Wo, Wo, Wo, Wo, Wo, Wo, Wo, Wo, Wo, Wo, Wo, Wo, Wo, Wo, Wo, Wo, Wo, Wo
Wo, Wo, Wo, Wo, Wo, Wo, Wo, Wo, Wo, Wo, Wo, Wo, Wo, Wo, Wo, Wo, Wo, Wo, Wo, Wo, Wo, Wo, Wo
Wo, Wo, Wo, Wo, Wo, Wo, Wo, Wo, Wo, Wo, Wo, Wo, Wo, Wo, Wo, Wo, Wo, Wo, Wo, Wo, Wo, Wo, Wo
Wo, Wo, Wo, Wo, Wo, Wo, Wo, Wo, Wo, Wo, Wo, Wo, Wo, Wo, Wo, Wo, Wo, Wo, Wo, Wo, Wo, Wo, Wo
